category American rock music groups (cap 1200)...
  wp attempt 1 failed: HTTP Error 429: Too Many Requests
  wp attempt 2 failed: HTTP Error 429: Too Many Requests
  American rock music groups: +953 titles (total 953)
category English rock music groups (cap 1200)...
  wp attempt 1 failed: HTTP Error 429: Too Many Requests
  wp attempt 2 failed: HTTP Error 429: Too Many Requests
  wp attempt 3 failed: HTTP Error 429: Too Many Requests
  wp attempt 4 failed: HTTP Error 429: Too Many Requests
  wp attempt 1 failed: HTTP Error 429: Too Many Requests
  wp attempt 2 failed: HTTP Error 429: Too Many Requests
  English rock music groups: +629 titles (total 1582)
category American pop music groups (cap 600)...
  American pop music groups: +545 titles (total 2127)
category South Korean boy bands (cap 200)...
  South Korean boy bands: +200 titles (total 2327)
category South Korean girl groups (cap 200)...
  wp attempt 1 failed: HTTP Error 429: Too Many Requests
  wp attempt 2 failed: HTTP Error 429: Too Many Requests
  wp attempt 3 failed: HTTP Error 429: Too Many Requests
  wp attempt 4 failed: HTTP Error 429: Too Many Requests
  South Korean girl groups: +0 titles (total 2327)
category American singers (cap 1500)...
  wp attempt 1 failed: HTTP Error 429: Too Many Requests
  wp attempt 2 failed: HTTP Error 429: Too Many Requests
  wp attempt 1 failed: HTTP Error 429: Too Many Requests
  wp attempt 2 failed: HTTP Error 429: Too Many Requests
  wp attempt 3 failed: HTTP Error 429: Too Many Requests
  wp attempt 4 failed: HTTP Error 429: Too Many Requests
  wp attempt 1 failed: HTTP Error 429: Too Many Requests
  wp attempt 2 failed: HTTP Error 429: Too Many Requests
  American singers: +1488 titles (total 3815)
category English singers (cap 1000)...
  wp attempt 1 failed: HTTP Error 429: Too Many Requests
  wp attempt 2 failed: HTTP Error 429: Too Many Requests
  wp attempt 3 failed: HTTP Error 429: Too Many Requests
  wp attempt 4 failed: HTTP Error 429: Too Many Requests
  English singers: +987 titles (total 4802)
category American rappers (cap 600)...
  American rappers: +596 titles (total 5398)
category American films (cap 2000)...
  wp attempt 1 failed: HTTP Error 429: Too Many Requests
  wp attempt 2 failed: HTTP Error 429: Too Many Requests
  wp attempt 3 failed: HTTP Error 429: Too Many Requests
  wp attempt 4 failed: HTTP Error 429: Too Many Requests
  wp attempt 1 failed: HTTP Error 429: Too Many Requests
  wp attempt 2 failed: HTTP Error 429: Too Many Requests
  wp attempt 1 failed: HTTP Error 429: Too Many Requests
  wp attempt 2 failed: HTTP Error 429: Too Many Requests
  wp attempt 3 failed: HTTP Error 429: Too Many Requests
  wp attempt 4 failed: HTTP Error 429: Too Many Requests
  wp attempt 1 failed: HTTP Error 429: Too Many Requests
  wp attempt 2 failed: HTTP Error 429: Too Many Requests
  American films: +1912 titles (total 7310)
category English-language films (cap 2000)...
  wp attempt 1 failed: HTTP Error 429: Too Many Requests
  wp attempt 2 failed: HTTP Error 429: Too Many Requests
  wp attempt 3 failed: HTTP Error 429: Too Many Requests
  wp attempt 4 failed: HTTP Error 429: Too Many Requests
  English-language films: +1942 titles (total 9252)
category American novels (cap 1000)...
  wp attempt 1 failed: HTTP Error 429: Too Many Requests
  wp attempt 2 failed: HTTP Error 429: Too Many Requests
  wp attempt 3 failed: HTTP Error 429: Too Many Requests
  wp attempt 4 failed: HTTP Error 429: Too Many Requests
  wp attempt 1 failed: HTTP Error 429: Too Many Requests
  American novels: +937 titles (total 10189)
category American actors (cap 1500)...
  wp attempt 1 failed: HTTP Error 429: Too Many Requests
  wp attempt 2 failed: HTTP Error 429: Too Many Requests
  wp attempt 3 failed: HTTP Error 429: Too Many Requests
  wp attempt 4 failed: HTTP Error 429: Too Many Requests
  wp attempt 1 failed: HTTP Error 429: Too Many Requests
  wp attempt 1 failed: HTTP Error 429: Too Many Requests
  wp attempt 2 failed: HTTP Error 429: Too Many Requests
  wp attempt 3 failed: HTTP Error 429: Too Many Requests
  wp attempt 4 failed: HTTP Error 429: Too Many Requests
  wp attempt 1 failed: HTTP Error 429: Too Many Requests
  wp attempt 2 failed: HTTP Error 429: Too Many Requests
  wp attempt 1 failed: HTTP Error 429: Too Many Requests
  wp attempt 2 failed: HTTP Error 429: Too Many Requests
  wp attempt 3 failed: HTTP Error 429: Too Many Requests
  wp attempt 4 failed: HTTP Error 429: Too Many Requests
  wp attempt 1 failed: HTTP Error 429: Too Many Requests
  American actors: +1020 titles (total 11209)
category American mathematicians (cap 300)...
  American mathematicians: +297 titles (total 11506)
fetching leads for 11506 titles...
  leads 50/11506
  wp attempt 1 failed: HTTP Error 429: Too Many Requests
  wp attempt 2 failed: HTTP Error 429: Too Many Requests
  wp attempt 3 failed: HTTP Error 429: Too Many Requests
  wp attempt 4 failed: HTTP Error 429: Too Many Requests
  wp attempt 1 failed: HTTP Error 429: Too Many Requests
  wp attempt 2 failed: HTTP Error 429: Too Many Requests
  wp attempt 3 failed: HTTP Error 429: Too Many Requests
  wp attempt 4 failed: HTTP Error 429: Too Many Requests
  leads 1050/11506
  wp attempt 1 failed: HTTP Error 429: Too Many Requests
  wp attempt 2 failed: HTTP Error 429: Too Many Requests
  wp attempt 3 failed: HTTP Error 429: Too Many Requests
  wp attempt 1 failed: HTTP Error 429: Too Many Requests
  wp attempt 2 failed: HTTP Error 429: Too Many Requests
  wp attempt 3 failed: HTTP Error 429: Too Many Requests
  leads 2050/11506
  wp attempt 1 failed: HTTP Error 429: Too Many Requests
  wp attempt 2 failed: HTTP Error 429: Too Many Requests
  wp attempt 3 failed: HTTP Error 429: Too Many Requests
  wp attempt 4 failed: HTTP Error 429: Too Many Requests
  wp attempt 1 failed: HTTP Error 429: Too Many Requests
  wp attempt 2 failed: HTTP Error 429: Too Many Requests
  wp attempt 3 failed: HTTP Error 429: Too Many Requests
  leads 3050/11506
  wp attempt 1 failed: HTTP Error 429: Too Many Requests
  wp attempt 2 failed: HTTP Error 429: Too Many Requests
  wp attempt 3 failed: HTTP Error 429: Too Many Requests
  wp attempt 1 failed: HTTP Error 429: Too Many Requests
  wp attempt 2 failed: HTTP Error 429: Too Many Requests
  wp attempt 3 failed: HTTP Error 429: Too Many Requests
  wp attempt 4 failed: HTTP Error 429: Too Many Requests
  leads 4050/11506
  wp attempt 1 failed: HTTP Error 429: Too Many Requests
  wp attempt 2 failed: HTTP Error 429: Too Many Requests
  wp attempt 3 failed: HTTP Error 429: Too Many Requests
  wp attempt 1 failed: HTTP Error 429: Too Many Requests
  wp attempt 2 failed: HTTP Error 429: Too Many Requests
  wp attempt 3 failed: HTTP Error 429: Too Many Requests
  leads 5050/11506
  wp attempt 1 failed: HTTP Error 429: Too Many Requests
  wp attempt 2 failed: HTTP Error 429: Too Many Requests
  wp attempt 3 failed: HTTP Error 429: Too Many Requests
  wp attempt 1 failed: HTTP Error 429: Too Many Requests
  wp attempt 2 failed: HTTP Error 429: Too Many Requests
  wp attempt 3 failed: HTTP Error 429: Too Many Requests
  wp attempt 4 failed: HTTP Error 429: Too Many Requests
  leads 6050/11506
  wp attempt 1 failed: HTTP Error 429: Too Many Requests
  wp attempt 2 failed: HTTP Error 429: Too Many Requests
  wp attempt 3 failed: HTTP Error 429: Too Many Requests
  wp attempt 1 failed: HTTP Error 429: Too Many Requests
  wp attempt 2 failed: HTTP Error 429: Too Many Requests
  wp attempt 3 failed: HTTP Error 429: Too Many Requests
  leads 7050/11506
  wp attempt 1 failed: HTTP Error 429: Too Many Requests
  wp attempt 2 failed: HTTP Error 429: Too Many Requests
  wp attempt 3 failed: HTTP Error 429: Too Many Requests
  wp attempt 1 failed: HTTP Error 429: Too Many Requests
  wp attempt 2 failed: HTTP Error 429: Too Many Requests
  wp attempt 3 failed: HTTP Error 429: Too Many Requests
  wp attempt 4 failed: HTTP Error 429: Too Many Requests
  wp attempt 1 failed: HTTP Error 429: Too Many Requests
  wp attempt 2 failed: HTTP Error 429: Too Many Requests
  wp attempt 3 failed: HTTP Error 429: Too Many Requests
  leads 9050/11506
  wp attempt 1 failed: HTTP Error 429: Too Many Requests
  wp attempt 2 failed: HTTP Error 429: Too Many Requests
  wp attempt 3 failed: HTTP Error 429: Too Many Requests
  wp attempt 4 failed: HTTP Error 429: Too Many Requests
  wp attempt 1 failed: HTTP Error 429: Too Many Requests
  wp attempt 2 failed: HTTP Error 429: Too Many Requests
  wp attempt 3 failed: HTTP Error 429: Too Many Requests
  leads 10050/11506
  wp attempt 1 failed: HTTP Error 429: Too Many Requests
  wp attempt 2 failed: HTTP Error 429: Too Many Requests
  wp attempt 3 failed: HTTP Error 429: Too Many Requests
  wp attempt 1 failed: HTTP Error 429: Too Many Requests
  wp attempt 2 failed: HTTP Error 429: Too Many Requests
  wp attempt 3 failed: HTTP Error 429: Too Many Requests
  leads 11050/11506
  wp attempt 1 failed: HTTP Error 429: Too Many Requests
  wp attempt 2 failed: HTTP Error 429: Too Many Requests
  wp attempt 3 failed: HTTP Error 429: Too Many Requests
  wp attempt 4 failed: HTTP Error 429: Too Many Requests
leads -> +15440 sentence docs
fetch orca-math (sample 40k)...
Generating train split:   0%|          | 0/200035 [00:00<?, ? examples/s]Generating train split:  81%|████████  | 162000/200035 [00:00<00:00, 1609841.92 examples/s]Generating train split: 100%|██████████| 200035/200035 [00:00<00:00, 1599255.09 examples/s]
  orca-math: +36779 docs
fetch svamp...
Generating train split:   0%|          | 0/700 [00:00<?, ? examples/s]Generating train split: 100%|██████████| 700/700 [00:00<00:00, 169408.16 examples/s]
Generating test split:   0%|          | 0/300 [00:00<?, ? examples/s]Generating test split: 100%|██████████| 300/300 [00:00<00:00, 185288.06 examples/s]
  svamp: +0 docs
gsm8k local: 1,453,325 tokens
unique docs: 52218 (train 46997, eval 5221)
WROTE train 13,350,536 tokens -> data/phase7b/wiki_train.bin
WROTE eval 1,318,308 tokens -> data/phase7b/wiki_eval.bin
