Policy from: checkpoints/step_351789
Ref from: baselines/pre_phase7d
Params: 189,748,992 | DPO beta=0.5 lr=1e-06 ga=4
Pairs: train 4000, eval 200
step 351,790 | loss 2.6527 | margin -9.126 | 3.8s/step
step 351,795 | loss 0.7097 | margin -0.460 | 4.1s/step
step 351,800 | loss 0.5811 | margin -19.885 | 3.9s/step
step 351,805 | loss 9.1452 | margin +4.080 | 4.0s/step
step 351,810 | loss 15.3061 | margin -14.680 | 3.9s/step
step 351,815 | loss 0.0052 | margin -8.988 | 4.0s/step
step 351,820 | loss 0.0639 | margin -12.814 | 4.1s/step
step 351,825 | loss 0.0000 | margin +13.124 | 4.1s/step
step 351,830 | loss 0.0641 | margin +1.051 | 4.1s/step
step 351,835 | loss 0.0098 | margin +17.970 | 4.6s/step
step 351,840 | loss 2.4966 | margin +1.447 | 4.4s/step
step 351,845 | loss 0.1373 | margin -1.627 | 4.7s/step
step 351,850 | loss 0.0016 | margin +3.463 | 4.3s/step
step 351,855 | loss 0.8800 | margin -7.677 | 4.4s/step
step 351,860 | loss 0.1431 | margin +14.707 | 4.8s/step
step 351,865 | loss 0.0004 | margin +27.608 | 4.7s/step
step 351,870 | loss 0.0000 | margin +7.208 | 4.2s/step
step 351,875 | loss 0.0961 | margin -4.568 | 4.5s/step
step 351,880 | loss 8.0505 | margin -15.682 | 4.9s/step
step 351,885 | loss 5.6852 | margin -18.888 | 4.4s/step
step 351,890 | loss 0.0681 | margin +35.367 | 4.5s/step
step 351,895 | loss 0.8743 | margin +29.976 | 4.4s/step
step 351,900 | loss 1.6263 | margin -14.409 | 4.5s/step
step 351,905 | loss 0.9781 | margin -3.036 | 4.0s/step
step 351,910 | loss 2.9142 | margin -1.659 | 4.0s/step
step 351,915 | loss 0.0000 | margin +17.920 | 3.9s/step
step 351,920 | loss 0.1143 | margin +0.952 | 4.2s/step
step 351,925 | loss 9.4958 | margin -2.560 | 4.6s/step
step 351,930 | loss 1.4048 | margin +1.947 | 4.1s/step
step 351,935 | loss 1.0054 | margin -0.758 | 4.0s/step
step 351,940 | loss 0.8816 | margin +9.004 | 4.3s/step
step 351,945 | loss 0.0013 | margin +15.568 | 4.5s/step
step 351,950 | loss 0.4400 | margin -2.226 | 4.2s/step
step 351,955 | loss 0.0000 | margin -8.141 | 4.4s/step
step 351,960 | loss 0.0124 | margin -5.251 | 4.2s/step
step 351,965 | loss 0.0109 | margin +22.299 | 4.3s/step
step 351,970 | loss 0.0010 | margin +29.125 | 4.4s/step
step 351,975 | loss 0.0160 | margin +2.885 | 4.2s/step
step 351,980 | loss 4.3623 | margin -6.087 | 4.4s/step
step 351,985 | loss 0.3187 | margin -6.234 | 4.2s/step
step 351,990 | loss 0.0036 | margin -2.969 | 4.2s/step
step 351,995 | loss 1.0091 | margin -3.475 | 4.1s/step
step 352,000 | loss 0.0023 | margin +6.614 | 4.2s/step
  [eval] step 352000 | loss 3.1306 | win-rate 45/100
Checkpoint saved: checkpoints/step_352000
  [samples] wrote checkpoints/step_352000/samples.txt
  Pruning old checkpoint: checkpoints/step_351483
step 352,005 | loss 0.0222 | margin -7.778 | 4.1s/step
step 352,010 | loss 0.0063 | margin +9.364 | 4.3s/step
step 352,015 | loss 1.8566 | margin +2.374 | 4.8s/step
step 352,020 | loss 0.0004 | margin +6.702 | 4.1s/step
step 352,025 | loss 1.0284 | margin -10.099 | 4.5s/step
step 352,030 | loss 1.8360 | margin +2.069 | 4.5s/step
step 352,035 | loss 1.1427 | margin +1.515 | 4.3s/step
step 352,040 | loss 2.5013 | margin -12.286 | 4.4s/step
step 352,045 | loss 3.9242 | margin +8.814 | 4.5s/step
step 352,050 | loss 0.1417 | margin -2.482 | 5.3s/step
step 352,055 | loss 0.0005 | margin +5.853 | 4.2s/step
step 352,060 | loss 1.9428 | margin -8.126 | 4.2s/step
step 352,065 | loss 0.0012 | margin -5.287 | 4.1s/step
step 352,070 | loss 0.0002 | margin +9.465 | 4.3s/step
step 352,075 | loss 0.0000 | margin +12.777 | 4.1s/step
step 352,080 | loss 0.6345 | margin -16.872 | 4.1s/step
step 352,085 | loss 0.0026 | margin -2.807 | 4.1s/step
step 352,090 | loss 0.0116 | margin -1.119 | 4.1s/step
step 352,095 | loss 2.3070 | margin -15.047 | 4.0s/step
step 352,100 | loss 2.7207 | margin -16.446 | 4.1s/step
step 352,105 | loss 0.0033 | margin -10.604 | 4.4s/step
step 352,110 | loss 0.0618 | margin +1.100 | 4.1s/step
step 352,115 | loss 2.4460 | margin +0.940 | 4.1s/step
step 352,120 | loss 0.0000 | margin -7.489 | 4.1s/step
step 352,125 | loss 0.0116 | margin +21.803 | 4.2s/step
step 352,130 | loss 0.3094 | margin -3.460 | 4.1s/step
step 352,135 | loss 0.2109 | margin -6.918 | 4.0s/step
step 352,140 | loss 0.0000 | margin -12.788 | 4.0s/step
step 352,145 | loss 5.7062 | margin -21.770 | 4.0s/step
step 352,150 | loss 5.8939 | margin +3.602 | 4.0s/step
step 352,155 | loss 0.0002 | margin +6.169 | 4.0s/step
step 352,160 | loss 0.0000 | margin -0.385 | 3.9s/step
step 352,165 | loss 0.0001 | margin +9.354 | 4.1s/step
step 352,170 | loss 6.6537 | margin -11.721 | 4.2s/step
step 352,175 | loss 1.1691 | margin -10.698 | 4.4s/step
step 352,180 | loss 4.5519 | margin -8.328 | 4.0s/step
step 352,185 | loss 0.8425 | margin +0.773 | 4.0s/step
step 352,190 | loss 0.6797 | margin +0.065 | 4.1s/step
step 352,195 | loss 1.8124 | margin -48.190 | 4.0s/step
step 352,200 | loss 0.0272 | margin +10.147 | 3.9s/step
step 352,205 | loss 0.0001 | margin +10.958 | 4.0s/step
step 352,210 | loss 0.0620 | margin +11.891 | 4.1s/step
step 352,215 | loss 0.0022 | margin +1.715 | 4.5s/step
step 352,220 | loss 2.0291 | margin -5.611 | 4.0s/step
step 352,225 | loss 6.4449 | margin -17.964 | 3.9s/step
step 352,230 | loss 1.6050 | margin +8.240 | 3.9s/step
step 352,235 | loss 8.7547 | margin -10.242 | 4.0s/step
step 352,240 | loss 2.0965 | margin -5.790 | 3.9s/step
step 352,245 | loss 12.2613 | margin -3.732 | 4.0s/step
step 352,250 | loss 2.6519 | margin +0.092 | 4.0s/step
  [eval] step 352250 | loss 2.4262 | win-rate 52/100
Checkpoint saved: checkpoints/step_352250
  [samples] wrote checkpoints/step_352250/samples.txt
  Pruning old checkpoint: checkpoints/step_351500
step 352,255 | loss 0.1450 | margin -0.315 | 4.0s/step
step 352,260 | loss 0.0717 | margin +2.295 | 4.1s/step
step 352,265 | loss 0.0113 | margin -12.622 | 4.0s/step
step 352,270 | loss 0.0004 | margin +0.942 | 3.9s/step
step 352,275 | loss 0.0009 | margin -3.494 | 4.0s/step
step 352,280 | loss 0.0678 | margin -1.889 | 3.9s/step
step 352,285 | loss 0.0053 | margin +15.538 | 3.9s/step
step 352,290 | loss 0.1795 | margin +1.048 | 4.0s/step
step 352,295 | loss 0.0085 | margin +20.435 | 4.0s/step
step 352,300 | loss 0.4811 | margin +9.624 | 3.9s/step
step 352,305 | loss 0.0176 | margin -4.548 | 4.0s/step
step 352,310 | loss 0.1859 | margin +9.528 | 4.0s/step
step 352,315 | loss 7.3919 | margin -7.770 | 3.9s/step
step 352,320 | loss 0.1158 | margin -2.411 | 3.9s/step
step 352,325 | loss 0.0036 | margin -1.918 | 3.9s/step
step 352,330 | loss 4.8187 | margin -11.011 | 3.9s/step
step 352,335 | loss 0.0020 | margin -16.630 | 4.0s/step
step 352,340 | loss 0.0013 | margin +10.196 | 3.9s/step
step 352,345 | loss 5.6829 | margin +1.343 | 3.9s/step
step 352,350 | loss 7.5510 | margin -13.705 | 3.9s/step
step 352,355 | loss 0.5086 | margin -0.756 | 3.8s/step
step 352,360 | loss 0.0004 | margin +7.804 | 3.9s/step
step 352,365 | loss 0.1118 | margin +1.427 | 3.9s/step
step 352,370 | loss 6.4736 | margin +1.544 | 4.0s/step
step 352,375 | loss 0.0029 | margin +12.820 | 3.9s/step
step 352,380 | loss 0.0000 | margin -2.021 | 4.0s/step
step 352,385 | loss 2.8062 | margin -1.969 | 3.9s/step
step 352,390 | loss 0.0000 | margin +32.635 | 3.9s/step
step 352,395 | loss 0.1393 | margin -6.044 | 3.9s/step
step 352,400 | loss 2.8914 | margin +5.839 | 3.9s/step
step 352,405 | loss 1.3125 | margin +2.766 | 4.0s/step
step 352,410 | loss 5.8645 | margin +2.328 | 3.9s/step
step 352,415 | loss 1.0565 | margin +13.050 | 4.0s/step
step 352,420 | loss 2.9451 | margin -32.373 | 3.9s/step
step 352,425 | loss 0.0382 | margin -6.916 | 3.9s/step
step 352,430 | loss 0.1675 | margin -9.911 | 3.9s/step
step 352,435 | loss 0.2759 | margin -16.099 | 4.0s/step
step 352,440 | loss 0.9781 | margin +7.690 | 3.9s/step
step 352,445 | loss 14.6183 | margin -40.041 | 4.0s/step
step 352,450 | loss 3.7076 | margin +5.142 | 3.9s/step
step 352,455 | loss 0.0004 | margin -15.224 | 4.0s/step
step 352,460 | loss 0.0031 | margin +8.027 | 3.9s/step
step 352,465 | loss 0.3036 | margin -3.026 | 3.9s/step
step 352,470 | loss 1.1147 | margin +3.134 | 3.9s/step
step 352,475 | loss 0.1585 | margin +13.151 | 3.9s/step
step 352,480 | loss 1.2794 | margin -14.792 | 4.0s/step
step 352,485 | loss 0.0000 | margin +25.864 | 3.9s/step
step 352,490 | loss 0.0582 | margin +11.678 | 3.9s/step
step 352,495 | loss 0.1693 | margin +10.051 | 4.0s/step
step 352,500 | loss 0.0471 | margin -2.761 | 3.9s/step
  [eval] step 352500 | loss 2.4335 | win-rate 51/100
Checkpoint saved: checkpoints/step_352500
  [samples] wrote checkpoints/step_352500/samples.txt
  Pruning old checkpoint: checkpoints/step_351789
step 352,505 | loss 0.0302 | margin +12.199 | 4.0s/step
step 352,510 | loss 0.0001 | margin -8.364 | 3.9s/step
step 352,515 | loss 4.9081 | margin -7.058 | 3.9s/step
step 352,520 | loss 8.7964 | margin -6.227 | 4.0s/step
step 352,525 | loss 0.0088 | margin -24.417 | 3.9s/step
step 352,530 | loss 0.4853 | margin -8.212 | 4.0s/step
step 352,535 | loss 0.1400 | margin -6.596 | 3.9s/step
step 352,540 | loss 2.6698 | margin +14.570 | 3.9s/step
step 352,545 | loss 0.1443 | margin +5.274 | 3.9s/step
step 352,550 | loss 1.8229 | margin -15.347 | 3.9s/step
step 352,555 | loss 0.0175 | margin +14.420 | 3.9s/step
step 352,560 | loss 0.0010 | margin +46.336 | 3.9s/step
step 352,565 | loss 0.0002 | margin +9.074 | 3.9s/step
step 352,570 | loss 3.7676 | margin +6.257 | 3.9s/step
step 352,575 | loss 12.2492 | margin -19.238 | 3.9s/step
step 352,580 | loss 1.3464 | margin +2.658 | 3.9s/step
step 352,585 | loss 0.0455 | margin +7.500 | 3.9s/step
step 352,590 | loss 0.0033 | margin +25.736 | 3.9s/step
step 352,595 | loss 3.9496 | margin -5.364 | 3.8s/step
step 352,600 | loss 0.2528 | margin +1.637 | 3.9s/step
step 352,605 | loss 3.0993 | margin +12.360 | 3.9s/step
step 352,610 | loss 2.3676 | margin +2.688 | 3.8s/step
step 352,615 | loss 2.1051 | margin -1.667 | 4.0s/step
step 352,620 | loss 0.5481 | margin +0.515 | 3.9s/step
step 352,625 | loss 8.1779 | margin -6.059 | 3.9s/step
step 352,630 | loss 0.0438 | margin -13.459 | 4.0s/step
step 352,635 | loss 0.3515 | margin -2.230 | 3.9s/step
step 352,640 | loss 2.9841 | margin -16.731 | 4.0s/step
step 352,645 | loss 0.2472 | margin -1.094 | 3.9s/step
step 352,650 | loss 0.0022 | margin -5.737 | 4.0s/step
step 352,655 | loss 0.0134 | margin +17.085 | 3.9s/step
step 352,660 | loss 0.0000 | margin +16.621 | 4.0s/step
step 352,665 | loss 0.0516 | margin -5.047 | 4.0s/step
step 352,670 | loss 10.8548 | margin +2.312 | 4.0s/step
step 352,675 | loss 0.0411 | margin +9.060 | 3.8s/step
step 352,680 | loss 8.7361 | margin -17.168 | 3.8s/step
step 352,685 | loss 0.0000 | margin +39.003 | 3.9s/step
step 352,690 | loss 6.1544 | margin +14.811 | 4.0s/step
step 352,695 | loss 0.6136 | margin -10.013 | 4.2s/step
step 352,700 | loss 12.0427 | margin -18.163 | 4.2s/step
step 352,705 | loss 4.8108 | margin +6.610 | 4.0s/step
step 352,710 | loss 5.8709 | margin -5.223 | 4.1s/step
step 352,715 | loss 0.3910 | margin -0.304 | 4.6s/step
step 352,720 | loss 0.2699 | margin +13.516 | 4.1s/step
step 352,725 | loss 9.8274 | margin -5.032 | 4.1s/step
step 352,730 | loss 0.0000 | margin +28.878 | 4.7s/step
step 352,735 | loss 0.1033 | margin +0.908 | 4.7s/step
step 352,740 | loss 0.0028 | margin +15.364 | 4.1s/step
step 352,745 | loss 0.0013 | margin +8.226 | 4.0s/step
step 352,750 | loss 4.8908 | margin -0.333 | 4.1s/step
  [eval] step 352750 | loss 2.4385 | win-rate 51/100
Checkpoint saved: checkpoints/step_352750
  [samples] wrote checkpoints/step_352750/samples.txt
  Pruning old checkpoint: checkpoints/step_352000
step 352,755 | loss 2.5540 | margin +1.426 | 4.3s/step
step 352,760 | loss 6.1947 | margin -5.650 | 4.4s/step
step 352,765 | loss 0.1219 | margin +5.140 | 4.5s/step
step 352,770 | loss 0.4179 | margin -9.957 | 4.5s/step
step 352,775 | loss 2.3534 | margin -8.798 | 4.6s/step
step 352,780 | loss 0.0036 | margin -7.418 | 4.2s/step
step 352,785 | loss 0.0001 | margin -24.385 | 4.6s/step
Checkpoint saved: checkpoints/step_352789
  Pruning old checkpoint: checkpoints/step_352250

DPO complete at step 352789.
