Resuming from checkpoint: checkpoints/step_339000
  Resumed at step 339000

============================================================
  Unrealistic 187M — Training
  Parameters: 189,748,992
  Dtype: bfloat16
  Optimizer: AdamW (mlx)
  Micro-batch: 1 × 8 accum
  Effective batch: 8
  Memory: 534 MB
============================================================

step 339,000 | loss 0.1484 | lr 0.00e+00 | 0 tok/s | fwd_bwd 4788ms data 12ms clip 20ms optim 127ms step 4956ms mem 1448/2587MB
  [eval] step 339000 | val_loss 0.1755 | ppl 1.19
Checkpoint saved: checkpoints/step_339000
  [samples] wrote checkpoints/step_339000/samples.txt
step 339,010 | loss 0.1359 | lr 5.00e-06 | 899 tok/s | fwd_bwd 4748ms data 0ms clip 20ms optim 110ms step 4885ms mem 1493/3311MB
step 339,020 | loss 0.1628 | lr 1.00e-05 | 1668 tok/s | fwd_bwd 4764ms data 0ms clip 20ms optim 112ms step 4907ms mem 1493/3311MB
step 339,030 | loss 0.1978 | lr 1.50e-05 | 1666 tok/s | fwd_bwd 4762ms data 0ms clip 20ms optim 112ms step 4901ms mem 1493/3311MB
step 339,040 | loss 0.2088 | lr 2.00e-05 | 1665 tok/s | fwd_bwd 4766ms data 0ms clip 20ms optim 111ms step 4904ms mem 1493/3311MB
step 339,050 | loss 0.1497 | lr 2.50e-05 | 1627 tok/s | fwd_bwd 4979ms data 0ms clip 20ms optim 112ms step 5119ms mem 1493/3311MB
step 339,060 | loss 0.1845 | lr 3.00e-05 | 1536 tok/s | fwd_bwd 5488ms data 0ms clip 22ms optim 119ms step 5637ms mem 1493/3311MB
step 339,070 | loss 0.1964 | lr 3.50e-05 | 1358 tok/s | fwd_bwd 5342ms data 0ms clip 20ms optim 112ms step 5478ms mem 1493/3311MB
step 339,080 | loss 0.1958 | lr 4.00e-05 | 1471 tok/s | fwd_bwd 5391ms data 0ms clip 20ms optim 113ms step 5528ms mem 1493/3311MB
step 339,090 | loss 0.1451 | lr 4.50e-05 | 1482 tok/s | fwd_bwd 5368ms data 0ms clip 20ms optim 112ms step 5505ms mem 1448/3311MB
step 339,100 | loss 0.1686 | lr 5.00e-05 | 1478 tok/s | fwd_bwd 5433ms data 0ms clip 20ms optim 113ms step 5572ms mem 1493/3311MB
step 339,110 | loss 0.1841 | lr 5.00e-05 | 1473 tok/s | fwd_bwd 5402ms data 0ms clip 20ms optim 112ms step 5542ms mem 1493/3311MB
step 339,120 | loss 0.2374 | lr 5.00e-05 | 1448 tok/s | fwd_bwd 5470ms data 0ms clip 20ms optim 113ms step 5610ms mem 1448/3311MB
step 339,130 | loss 0.1472 | lr 5.00e-05 | 1204 tok/s | fwd_bwd 6055ms data 0ms clip 22ms optim 119ms step 6200ms mem 1448/3311MB
step 339,140 | loss 0.2044 | lr 5.00e-05 | 1375 tok/s | fwd_bwd 5649ms data 0ms clip 20ms optim 114ms step 5787ms mem 1493/3311MB
step 339,150 | loss 0.1888 | lr 5.00e-05 | 1430 tok/s | fwd_bwd 5540ms data 0ms clip 20ms optim 113ms step 5679ms mem 1493/3311MB
step 339,160 | loss 0.1751 | lr 5.00e-05 | 1436 tok/s | fwd_bwd 5543ms data 0ms clip 20ms optim 113ms step 5682ms mem 1493/3311MB
step 339,170 | loss 0.1876 | lr 5.00e-05 | 1421 tok/s | fwd_bwd 5819ms data 0ms clip 20ms optim 114ms step 5957ms mem 1493/3311MB
step 339,180 | loss 0.1850 | lr 5.00e-05 | 1418 tok/s | fwd_bwd 5640ms data 0ms clip 20ms optim 113ms step 5778ms mem 1493/3311MB
step 339,190 | loss 0.2122 | lr 5.00e-05 | 1412 tok/s | fwd_bwd 5630ms data 0ms clip 20ms optim 115ms step 5774ms mem 1493/3311MB
step 339,200 | loss 0.2146 | lr 5.00e-05 | 1410 tok/s | fwd_bwd 5702ms data 0ms clip 20ms optim 113ms step 5839ms mem 1493/3311MB
step 339,210 | loss 0.1683 | lr 5.00e-05 | 1407 tok/s | fwd_bwd 5661ms data 0ms clip 20ms optim 114ms step 5798ms mem 1493/3311MB
step 339,220 | loss 0.1040 | lr 5.00e-05 | 1408 tok/s | fwd_bwd 5669ms data 0ms clip 20ms optim 113ms step 5811ms mem 1493/3311MB
step 339,230 | loss 0.1850 | lr 5.00e-05 | 1397 tok/s | fwd_bwd 5720ms data 0ms clip 21ms optim 114ms step 5861ms mem 1493/3311MB
step 339,240 | loss 0.1632 | lr 5.00e-05 | 1405 tok/s | fwd_bwd 5657ms data 0ms clip 20ms optim 113ms step 5793ms mem 1493/3311MB
step 339,250 | loss 0.1570 | lr 5.00e-05 | 1409 tok/s | fwd_bwd 5646ms data 0ms clip 20ms optim 113ms step 5785ms mem 1493/3311MB
step 339,260 | loss 0.1634 | lr 5.00e-05 | 1410 tok/s | fwd_bwd 5702ms data 0ms clip 20ms optim 113ms step 5838ms mem 1493/3311MB
step 339,270 | loss 0.1645 | lr 5.00e-05 | 1405 tok/s | fwd_bwd 5702ms data 0ms clip 20ms optim 113ms step 5844ms mem 1493/3311MB
step 339,280 | loss 0.1531 | lr 5.00e-05 | 1395 tok/s | fwd_bwd 5777ms data 0ms clip 20ms optim 113ms step 5916ms mem 1493/3311MB
step 339,290 | loss 0.1569 | lr 5.00e-05 | 1395 tok/s | fwd_bwd 5744ms data 0ms clip 20ms optim 114ms step 5886ms mem 1493/3311MB
step 339,300 | loss 0.2032 | lr 5.00e-05 | 1394 tok/s | fwd_bwd 5693ms data 0ms clip 20ms optim 113ms step 5835ms mem 1493/3311MB
step 339,310 | loss 0.1532 | lr 5.00e-05 | 1388 tok/s | fwd_bwd 5778ms data 0ms clip 21ms optim 114ms step 5920ms mem 1493/3311MB
step 339,320 | loss 0.1471 | lr 5.00e-05 | 1377 tok/s | fwd_bwd 5716ms data 0ms clip 20ms optim 113ms step 5855ms mem 1493/3311MB
step 339,330 | loss 0.1249 | lr 5.00e-05 | 1390 tok/s | fwd_bwd 5750ms data 0ms clip 20ms optim 113ms step 5890ms mem 1452/3311MB
step 339,340 | loss 0.1937 | lr 5.00e-05 | 1380 tok/s | fwd_bwd 5739ms data 1ms clip 20ms optim 113ms step 5883ms mem 1493/3311MB
step 339,350 | loss 0.2047 | lr 5.00e-05 | 1389 tok/s | fwd_bwd 5749ms data 0ms clip 20ms optim 113ms step 5890ms mem 1493/3311MB
step 339,360 | loss 0.1789 | lr 5.00e-05 | 1392 tok/s | fwd_bwd 5726ms data 0ms clip 20ms optim 113ms step 5862ms mem 1493/3311MB
step 339,370 | loss 0.1990 | lr 5.00e-05 | 1394 tok/s | fwd_bwd 5721ms data 0ms clip 20ms optim 113ms step 5858ms mem 1493/3311MB
step 339,380 | loss 0.1492 | lr 5.00e-05 | 1391 tok/s | fwd_bwd 5725ms data 0ms clip 20ms optim 114ms step 5867ms mem 1493/3311MB
step 339,390 | loss 0.2092 | lr 5.00e-05 | 1380 tok/s | fwd_bwd 5753ms data 0ms clip 20ms optim 113ms step 5892ms mem 1493/3311MB
step 339,400 | loss 0.2173 | lr 5.00e-05 | 1383 tok/s | fwd_bwd 5796ms data 0ms clip 20ms optim 113ms step 5933ms mem 1452/3311MB
step 339,410 | loss 0.1936 | lr 5.00e-05 | 1388 tok/s | fwd_bwd 5767ms data 0ms clip 20ms optim 113ms step 5904ms mem 1493/3311MB
step 339,420 | loss 0.1502 | lr 5.00e-05 | 1384 tok/s | fwd_bwd 5763ms data 0ms clip 20ms optim 116ms step 5904ms mem 1493/3311MB
step 339,430 | loss 0.1803 | lr 5.00e-05 | 1375 tok/s | fwd_bwd 5771ms data 0ms clip 20ms optim 113ms step 5911ms mem 1493/3311MB
step 339,440 | loss 0.1870 | lr 5.00e-05 | 1374 tok/s | fwd_bwd 5934ms data 0ms clip 20ms optim 114ms step 6073ms mem 1493/3311MB
step 339,450 | loss 0.1776 | lr 5.00e-05 | 1379 tok/s | fwd_bwd 5801ms data 0ms clip 20ms optim 113ms step 5943ms mem 1493/3311MB
step 339,460 | loss 0.1846 | lr 5.00e-05 | 1377 tok/s | fwd_bwd 5784ms data 0ms clip 20ms optim 113ms step 5923ms mem 1493/3311MB
step 339,470 | loss 0.1658 | lr 5.00e-05 | 1377 tok/s | fwd_bwd 5780ms data 0ms clip 20ms optim 113ms step 5924ms mem 1493/3311MB
step 339,480 | loss 0.1999 | lr 5.00e-05 | 1374 tok/s | fwd_bwd 5800ms data 0ms clip 20ms optim 113ms step 5936ms mem 1493/3311MB
step 339,490 | loss 0.1820 | lr 5.00e-05 | 1377 tok/s | fwd_bwd 5792ms data 0ms clip 21ms optim 113ms step 5931ms mem 1493/3311MB
step 339,500 | loss 0.1708 | lr 5.00e-05 | 1373 tok/s | fwd_bwd 5820ms data 0ms clip 20ms optim 113ms step 5958ms mem 1493/3311MB
  [eval] step 339500 | val_loss 0.1727 | ppl 1.19
Checkpoint saved: checkpoints/step_339500
  [samples] wrote checkpoints/step_339500/samples.txt
  Pruning old checkpoint: checkpoints/step_338500
step 339,510 | loss 0.1459 | lr 5.00e-05 | 741 tok/s | fwd_bwd 5847ms data 0ms clip 21ms optim 114ms step 5989ms mem 1493/3311MB
step 339,520 | loss 0.2151 | lr 5.00e-05 | 1373 tok/s | fwd_bwd 5774ms data 0ms clip 20ms optim 113ms step 5915ms mem 1493/3311MB
step 339,530 | loss 0.1620 | lr 5.00e-05 | 1383 tok/s | fwd_bwd 5778ms data 0ms clip 20ms optim 113ms step 5916ms mem 1493/3311MB
step 339,540 | loss 0.2066 | lr 5.00e-05 | 1376 tok/s | fwd_bwd 5775ms data 0ms clip 20ms optim 113ms step 5914ms mem 1493/3311MB
step 339,550 | loss 0.1564 | lr 5.00e-05 | 1381 tok/s | fwd_bwd 5756ms data 0ms clip 20ms optim 113ms step 5898ms mem 1493/3311MB
step 339,560 | loss 0.1816 | lr 5.00e-05 | 1371 tok/s | fwd_bwd 5806ms data 0ms clip 20ms optim 113ms step 5943ms mem 1448/3311MB
step 339,570 | loss 0.1965 | lr 5.00e-05 | 1378 tok/s | fwd_bwd 5782ms data 0ms clip 20ms optim 113ms step 5923ms mem 1493/3311MB
step 339,580 | loss 0.1848 | lr 5.00e-05 | 1371 tok/s | fwd_bwd 5830ms data 0ms clip 21ms optim 115ms step 5971ms mem 1493/3311MB
step 339,590 | loss 0.1454 | lr 5.00e-05 | 1353 tok/s | fwd_bwd 5873ms data 0ms clip 20ms optim 114ms step 6014ms mem 1493/3311MB
step 339,600 | loss 0.1734 | lr 5.00e-05 | 1371 tok/s | fwd_bwd 5796ms data 0ms clip 20ms optim 113ms step 5934ms mem 1493/3311MB
Checkpoint saved: checkpoints/step_339604
  Pruning old checkpoint: checkpoints/step_338559
step 339,610 | loss 0.1618 | lr 5.00e-05 | 1362 tok/s | fwd_bwd 5818ms data 0ms clip 20ms optim 113ms step 5957ms mem 1493/3311MB
step 339,620 | loss 0.2122 | lr 5.00e-05 | 1334 tok/s | fwd_bwd 6020ms data 1ms clip 23ms optim 123ms step 6180ms mem 1493/3311MB
step 339,630 | loss 0.1787 | lr 5.00e-05 | 1293 tok/s | fwd_bwd 5969ms data 0ms clip 21ms optim 114ms step 6112ms mem 1451/3311MB
step 339,640 | loss 0.1764 | lr 5.00e-05 | 1337 tok/s | fwd_bwd 6398ms data 1ms clip 25ms optim 127ms step 6567ms mem 1470/3311MB
step 339,650 | loss 0.1579 | lr 5.00e-05 | 1277 tok/s | fwd_bwd 5794ms data 1ms clip 20ms optim 114ms step 5945ms mem 1493/3311MB
step 339,660 | loss 0.1456 | lr 5.00e-05 | 1339 tok/s | fwd_bwd 5829ms data 0ms clip 21ms optim 115ms step 5974ms mem 1482/3311MB
step 339,670 | loss 0.1929 | lr 5.00e-05 | 1338 tok/s | fwd_bwd 6147ms data 1ms clip 21ms optim 115ms step 6302ms mem 1493/3311MB
step 339,680 | loss 0.1844 | lr 5.00e-05 | 1300 tok/s | fwd_bwd 5910ms data 0ms clip 20ms optim 113ms step 6048ms mem 1493/3311MB
step 339,690 | loss 0.1968 | lr 5.00e-05 | 1355 tok/s | fwd_bwd 5865ms data 0ms clip 20ms optim 113ms step 6006ms mem 1493/3311MB
step 339,700 | loss 0.1665 | lr 5.00e-05 | 1357 tok/s | fwd_bwd 5833ms data 0ms clip 20ms optim 113ms step 5972ms mem 1493/3311MB
step 339,710 | loss 0.1555 | lr 5.00e-05 | 1371 tok/s | fwd_bwd 5814ms data 0ms clip 20ms optim 113ms step 5953ms mem 1493/3311MB
step 339,720 | loss 0.2014 | lr 5.00e-05 | 1373 tok/s | fwd_bwd 5798ms data 0ms clip 20ms optim 113ms step 5940ms mem 1493/3311MB
step 339,730 | loss 0.1978 | lr 5.00e-05 | 1376 tok/s | fwd_bwd 5806ms data 0ms clip 20ms optim 113ms step 5945ms mem 1493/3311MB
step 339,740 | loss 0.1580 | lr 5.00e-05 | 1374 tok/s | fwd_bwd 5815ms data 0ms clip 20ms optim 113ms step 5951ms mem 1493/3311MB
step 339,750 | loss 0.1869 | lr 5.00e-05 | 1361 tok/s | fwd_bwd 5809ms data 0ms clip 20ms optim 113ms step 5953ms mem 1448/3311MB
step 339,760 | loss 0.2231 | lr 5.00e-05 | 1366 tok/s | fwd_bwd 5852ms data 0ms clip 20ms optim 113ms step 5990ms mem 1493/3311MB
step 339,770 | loss 0.2276 | lr 5.00e-05 | 1370 tok/s | fwd_bwd 5808ms data 0ms clip 20ms optim 113ms step 5952ms mem 1493/3311MB
step 339,780 | loss 0.1413 | lr 5.00e-05 | 1369 tok/s | fwd_bwd 5822ms data 0ms clip 20ms optim 113ms step 5964ms mem 1493/3311MB
step 339,790 | loss 0.1348 | lr 5.00e-05 | 1365 tok/s | fwd_bwd 5818ms data 0ms clip 20ms optim 112ms step 5960ms mem 1448/3311MB
step 339,800 | loss 0.1821 | lr 5.00e-05 | 1359 tok/s | fwd_bwd 5843ms data 0ms clip 20ms optim 113ms step 5983ms mem 1493/3311MB
step 339,810 | loss 0.2254 | lr 5.00e-05 | 1363 tok/s | fwd_bwd 5858ms data 0ms clip 20ms optim 113ms step 5997ms mem 1493/3311MB
step 339,820 | loss 0.1514 | lr 5.00e-05 | 1367 tok/s | fwd_bwd 5815ms data 0ms clip 20ms optim 113ms step 5953ms mem 1493/3311MB
step 339,830 | loss 0.1735 | lr 5.00e-05 | 1371 tok/s | fwd_bwd 5797ms data 0ms clip 20ms optim 113ms step 5940ms mem 1452/3311MB
step 339,840 | loss 0.1494 | lr 5.00e-05 | 1374 tok/s | fwd_bwd 5784ms data 0ms clip 20ms optim 113ms step 5926ms mem 1493/3311MB
step 339,850 | loss 0.1857 | lr 5.00e-05 | 1369 tok/s | fwd_bwd 5942ms data 0ms clip 22ms optim 120ms step 6087ms mem 1452/3311MB
step 339,860 | loss 0.1914 | lr 5.00e-05 | 1360 tok/s | fwd_bwd 5845ms data 0ms clip 20ms optim 113ms step 5983ms mem 1493/3311MB
step 339,870 | loss 0.1644 | lr 5.00e-05 | 1366 tok/s | fwd_bwd 5821ms data 0ms clip 20ms optim 113ms step 5957ms mem 1493/3311MB
step 339,880 | loss 0.1917 | lr 5.00e-05 | 1369 tok/s | fwd_bwd 5817ms data 0ms clip 20ms optim 113ms step 5957ms mem 1493/3311MB
step 339,890 | loss 0.1996 | lr 5.00e-05 | 1374 tok/s | fwd_bwd 5793ms data 0ms clip 20ms optim 113ms step 5929ms mem 1493/3311MB
step 339,900 | loss 0.1513 | lr 5.00e-05 | 1365 tok/s | fwd_bwd 5817ms data 0ms clip 20ms optim 113ms step 5954ms mem 1493/3311MB
step 339,910 | loss 0.1886 | lr 5.00e-05 | 1360 tok/s | fwd_bwd 5882ms data 0ms clip 20ms optim 113ms step 6020ms mem 1493/3311MB
step 339,920 | loss 0.2076 | lr 5.00e-05 | 1366 tok/s | fwd_bwd 5839ms data 0ms clip 21ms optim 117ms step 5984ms mem 1493/3311MB
step 339,930 | loss 0.1352 | lr 5.00e-05 | 1242 tok/s | fwd_bwd 6065ms data 1ms clip 20ms optim 114ms step 6212ms mem 1493/3311MB
Resuming from checkpoint: checkpoints/step_346790
  Resumed at step 346790

============================================================
  Unrealistic 187M — Training
  Parameters: 189,748,992
  Dtype: bfloat16
  Optimizer: AdamW (mlx)
  Micro-batch: 1 × 8 accum
  Effective batch: 8
  Memory: 536 MB
============================================================

step 346,790 | loss 0.2257 | lr 4.99e-05 | 0 tok/s | fwd_bwd 4835ms data 22ms clip 21ms optim 199ms step 5087ms mem 1493/2587MB
Checkpoint saved: checkpoints/step_346790

Training complete at step 346790.
